(((x)^2+(2*(x)^3))*((3*(x)^4)+(4*(x)^5)))
8x^8 + 4x^7 + 6x^7 + 3x^6